--------------------------------------------------------------------------------
Release 14.7 Trace  (nt64)
Copyright (c) 1995-2013 Xilinx, Inc.  All rights reserved.

C:\Xilinx\14.7\ISE_DS\ISE\bin\nt64\unwrapped\trce.exe -intstyle ise -v 3 -s 3
-n 3 -fastpaths -xml ppa.twx ppa.ncd -o ppa.twr ppa.pcf

Design file:              ppa.ncd
Physical constraint file: ppa.pcf
Device,package,speed:     xc7a100t,csg324,C,-3 (PRODUCTION 1.10 2013-10-13)
Report level:             verbose report

Environment Variable      Effect 
--------------------      ------ 
NONE                      No environment variables were set
--------------------------------------------------------------------------------

INFO:Timing:2698 - No timing constraints found, doing default enumeration.
INFO:Timing:3412 - To improve timing, see the Timing Closure User Guide (UG612).
INFO:Timing:2752 - To get complete path coverage, use the unconstrained paths 
   option. All paths that are not constrained will be reported in the 
   unconstrained paths section(s) of the report.
INFO:Timing:3339 - The clock-to-out numbers in this timing report are based on 
   a 50 Ohm transmission line loading model.  For the details of this model, 
   and for more information on accounting for different loading conditions, 
   please see the device datasheet.



Data Sheet report:
-----------------
All values displayed in nanoseconds (ns)

Pad to Pad
---------------+---------------+---------+
Source Pad     |Destination Pad|  Delay  |
---------------+---------------+---------+
c_in           |c_out          |   10.597|
c_in           |s<0>           |    6.847|
c_in           |s<1>           |    6.945|
c_in           |s<2>           |    7.328|
c_in           |s<3>           |    8.252|
c_in           |s<4>           |    8.106|
c_in           |s<5>           |    9.534|
c_in           |s<6>           |    8.052|
c_in           |s<7>           |    9.692|
c_in           |s<8>           |    9.589|
c_in           |s<9>           |   11.034|
c_in           |s<10>          |   10.428|
c_in           |s<11>          |   11.163|
c_in           |s<12>          |   10.148|
c_in           |s<13>          |   11.703|
c_in           |s<14>          |   11.912|
c_in           |s<15>          |   12.173|
c_in           |s<16>          |    9.994|
c_in           |s<17>          |   11.038|
c_in           |s<18>          |   11.886|
c_in           |s<19>          |   12.290|
c_in           |s<20>          |   11.327|
c_in           |s<21>          |   11.566|
c_in           |s<22>          |   11.887|
c_in           |s<23>          |   12.508|
c_in           |s<24>          |   10.485|
c_in           |s<25>          |   12.356|
c_in           |s<26>          |   12.672|
c_in           |s<27>          |   13.257|
c_in           |s<28>          |   13.343|
c_in           |s<29>          |   13.017|
c_in           |s<30>          |   13.014|
c_in           |s<31>          |   14.401|
x<0>           |c_out          |   10.413|
x<0>           |s<0>           |    6.834|
x<0>           |s<1>           |    6.773|
x<0>           |s<2>           |    7.327|
x<0>           |s<3>           |    8.251|
x<0>           |s<4>           |    7.922|
x<0>           |s<5>           |    9.533|
x<0>           |s<6>           |    7.868|
x<0>           |s<7>           |    9.691|
x<0>           |s<8>           |    9.405|
x<0>           |s<9>           |   11.033|
x<0>           |s<10>          |   10.244|
x<0>           |s<11>          |   11.162|
x<0>           |s<12>          |    9.964|
x<0>           |s<13>          |   11.702|
x<0>           |s<14>          |   11.728|
x<0>           |s<15>          |   12.172|
x<0>           |s<16>          |    9.810|
x<0>           |s<17>          |   11.037|
x<0>           |s<18>          |   11.702|
x<0>           |s<19>          |   12.289|
x<0>           |s<20>          |   11.143|
x<0>           |s<21>          |   11.565|
x<0>           |s<22>          |   11.703|
x<0>           |s<23>          |   12.507|
x<0>           |s<24>          |   10.301|
x<0>           |s<25>          |   12.355|
x<0>           |s<26>          |   12.488|
x<0>           |s<27>          |   13.256|
x<0>           |s<28>          |   13.159|
x<0>           |s<29>          |   13.016|
x<0>           |s<30>          |   12.830|
x<0>           |s<31>          |   14.400|
x<1>           |c_out          |   11.299|
x<1>           |s<1>           |    7.643|
x<1>           |s<2>           |    7.578|
x<1>           |s<3>           |    8.504|
x<1>           |s<4>           |    8.808|
x<1>           |s<5>           |    9.199|
x<1>           |s<6>           |    8.754|
x<1>           |s<7>           |    9.944|
x<1>           |s<8>           |   10.291|
x<1>           |s<9>           |   10.699|
x<1>           |s<10>          |   11.130|
x<1>           |s<11>          |   11.415|
x<1>           |s<12>          |   10.850|
x<1>           |s<13>          |   11.368|
x<1>           |s<14>          |   12.614|
x<1>           |s<15>          |   12.425|
x<1>           |s<16>          |   10.696|
x<1>           |s<17>          |   10.703|
x<1>           |s<18>          |   12.588|
x<1>           |s<19>          |   12.542|
x<1>           |s<20>          |   12.029|
x<1>           |s<21>          |   11.231|
x<1>           |s<22>          |   12.589|
x<1>           |s<23>          |   12.760|
x<1>           |s<24>          |   11.187|
x<1>           |s<25>          |   12.021|
x<1>           |s<26>          |   13.374|
x<1>           |s<27>          |   13.509|
x<1>           |s<28>          |   14.045|
x<1>           |s<29>          |   12.682|
x<1>           |s<30>          |   13.716|
x<1>           |s<31>          |   14.653|
x<2>           |c_out          |   11.157|
x<2>           |s<2>           |    8.163|
x<2>           |s<3>           |    9.099|
x<2>           |s<4>           |    8.666|
x<2>           |s<5>           |    9.046|
x<2>           |s<6>           |    8.600|
x<2>           |s<7>           |   10.539|
x<2>           |s<8>           |   10.149|
x<2>           |s<9>           |   10.546|
x<2>           |s<10>          |   10.976|
x<2>           |s<11>          |   12.010|
x<2>           |s<12>          |   10.708|
x<2>           |s<13>          |   11.215|
x<2>           |s<14>          |   12.460|
x<2>           |s<15>          |   13.020|
x<2>           |s<16>          |   10.554|
x<2>           |s<17>          |   10.550|
x<2>           |s<18>          |   12.434|
x<2>           |s<19>          |   13.137|
x<2>           |s<20>          |   11.887|
x<2>           |s<21>          |   11.078|
x<2>           |s<22>          |   12.435|
x<2>           |s<23>          |   13.355|
x<2>           |s<24>          |   11.045|
x<2>           |s<25>          |   11.868|
x<2>           |s<26>          |   13.220|
x<2>           |s<27>          |   14.104|
x<2>           |s<28>          |   13.903|
x<2>           |s<29>          |   12.529|
x<2>           |s<30>          |   13.562|
x<2>           |s<31>          |   15.248|
x<3>           |c_out          |   10.926|
x<3>           |s<3>           |    7.072|
x<3>           |s<4>           |    8.435|
x<3>           |s<5>           |    8.818|
x<3>           |s<6>           |    7.303|
x<3>           |s<7>           |    8.502|
x<3>           |s<8>           |    9.918|
x<3>           |s<9>           |   10.318|
x<3>           |s<10>          |    9.679|
x<3>           |s<11>          |    9.973|
x<3>           |s<12>          |   10.477|
x<3>           |s<13>          |   10.987|
x<3>           |s<14>          |   11.163|
x<3>           |s<15>          |   10.983|
x<3>           |s<16>          |   10.323|
x<3>           |s<17>          |   10.322|
x<3>           |s<18>          |   11.137|
x<3>           |s<19>          |   11.100|
x<3>           |s<20>          |   11.656|
x<3>           |s<21>          |   10.850|
x<3>           |s<22>          |   11.138|
x<3>           |s<23>          |   11.318|
x<3>           |s<24>          |   10.814|
x<3>           |s<25>          |   11.640|
x<3>           |s<26>          |   11.923|
x<3>           |s<27>          |   12.067|
x<3>           |s<28>          |   13.672|
x<3>           |s<29>          |   12.301|
x<3>           |s<30>          |   12.265|
x<3>           |s<31>          |   13.211|
x<4>           |c_out          |   10.571|
x<4>           |s<4>           |    7.910|
x<4>           |s<5>           |    9.625|
x<4>           |s<6>           |    8.569|
x<4>           |s<7>           |    8.852|
x<4>           |s<8>           |    9.563|
x<4>           |s<9>           |   11.125|
x<4>           |s<10>          |   10.945|
x<4>           |s<11>          |   10.323|
x<4>           |s<12>          |   10.122|
x<4>           |s<13>          |   11.794|
x<4>           |s<14>          |   12.429|
x<4>           |s<15>          |   11.333|
x<4>           |s<16>          |    9.968|
x<4>           |s<17>          |   11.129|
x<4>           |s<18>          |   12.403|
x<4>           |s<19>          |   11.450|
x<4>           |s<20>          |   11.301|
x<4>           |s<21>          |   11.657|
x<4>           |s<22>          |   12.404|
x<4>           |s<23>          |   11.668|
x<4>           |s<24>          |   10.459|
x<4>           |s<25>          |   12.447|
x<4>           |s<26>          |   13.189|
x<4>           |s<27>          |   12.417|
x<4>           |s<28>          |   13.317|
x<4>           |s<29>          |   13.108|
x<4>           |s<30>          |   13.531|
x<4>           |s<31>          |   13.561|
x<5>           |c_out          |   10.798|
x<5>           |s<5>           |    7.825|
x<5>           |s<6>           |    8.574|
x<5>           |s<7>           |    8.294|
x<5>           |s<8>           |    9.790|
x<5>           |s<9>           |   10.339|
x<5>           |s<10>          |   10.950|
x<5>           |s<11>          |    9.765|
x<5>           |s<12>          |   10.349|
x<5>           |s<13>          |   11.008|
x<5>           |s<14>          |   12.434|
x<5>           |s<15>          |   10.775|
x<5>           |s<16>          |   10.195|
x<5>           |s<17>          |   10.343|
x<5>           |s<18>          |   12.408|
x<5>           |s<19>          |   10.892|
x<5>           |s<20>          |   11.528|
x<5>           |s<21>          |   10.871|
x<5>           |s<22>          |   12.409|
x<5>           |s<23>          |   11.110|
x<5>           |s<24>          |   10.686|
x<5>           |s<25>          |   11.661|
x<5>           |s<26>          |   13.194|
x<5>           |s<27>          |   11.859|
x<5>           |s<28>          |   13.544|
x<5>           |s<29>          |   12.322|
x<5>           |s<30>          |   13.536|
x<5>           |s<31>          |   13.003|
x<6>           |c_out          |    9.367|
x<6>           |s<6>           |    7.268|
x<6>           |s<7>           |    8.550|
x<6>           |s<8>           |    8.359|
x<6>           |s<9>           |   10.220|
x<6>           |s<10>          |    9.652|
x<6>           |s<11>          |   10.021|
x<6>           |s<12>          |    8.918|
x<6>           |s<13>          |   10.889|
x<6>           |s<14>          |   11.136|
x<6>           |s<15>          |   11.031|
x<6>           |s<16>          |    8.764|
x<6>           |s<17>          |   10.224|
x<6>           |s<18>          |   11.110|
x<6>           |s<19>          |   11.148|
x<6>           |s<20>          |   10.097|
x<6>           |s<21>          |   10.752|
x<6>           |s<22>          |   11.111|
x<6>           |s<23>          |   11.366|
x<6>           |s<24>          |    9.255|
x<6>           |s<25>          |   11.542|
x<6>           |s<26>          |   11.896|
x<6>           |s<27>          |   12.115|
x<6>           |s<28>          |   12.113|
x<6>           |s<29>          |   12.203|
x<6>           |s<30>          |   12.238|
x<6>           |s<31>          |   13.259|
x<7>           |c_out          |    8.785|
x<7>           |s<7>           |    7.143|
x<7>           |s<8>           |    7.874|
x<7>           |s<9>           |   10.082|
x<7>           |s<10>          |   10.212|
x<7>           |s<11>          |    8.614|
x<7>           |s<12>          |    8.335|
x<7>           |s<13>          |   10.751|
x<7>           |s<14>          |   11.696|
x<7>           |s<15>          |    9.624|
x<7>           |s<16>          |    8.182|
x<7>           |s<17>          |   10.086|
x<7>           |s<18>          |   11.670|
x<7>           |s<19>          |    9.741|
x<7>           |s<20>          |    9.514|
x<7>           |s<21>          |   10.614|
x<7>           |s<22>          |   11.671|
x<7>           |s<23>          |    9.959|
x<7>           |s<24>          |    8.672|
x<7>           |s<25>          |   11.404|
x<7>           |s<26>          |   12.456|
x<7>           |s<27>          |   10.708|
x<7>           |s<28>          |   11.530|
x<7>           |s<29>          |   12.065|
x<7>           |s<30>          |   12.798|
x<7>           |s<31>          |   11.852|
x<8>           |c_out          |   10.487|
x<8>           |s<8>           |    8.007|
x<8>           |s<9>           |    8.902|
x<8>           |s<10>          |    8.180|
x<8>           |s<11>          |    8.503|
x<8>           |s<12>          |    8.456|
x<8>           |s<13>          |    9.571|
x<8>           |s<14>          |    9.664|
x<8>           |s<15>          |    9.513|
x<8>           |s<16>          |    9.884|
x<8>           |s<17>          |    8.906|
x<8>           |s<18>          |    9.638|
x<8>           |s<19>          |    9.630|
x<8>           |s<20>          |    9.512|
x<8>           |s<21>          |    9.434|
x<8>           |s<22>          |    9.639|
x<8>           |s<23>          |    9.848|
x<8>           |s<24>          |    9.429|
x<8>           |s<25>          |   10.224|
x<8>           |s<26>          |   10.424|
x<8>           |s<27>          |   10.597|
x<8>           |s<28>          |   11.528|
x<8>           |s<29>          |   10.885|
x<8>           |s<30>          |   10.766|
x<8>           |s<31>          |   11.741|
x<9>           |c_out          |   10.342|
x<9>           |s<9>           |    7.203|
x<9>           |s<10>          |    8.047|
x<9>           |s<11>          |    8.690|
x<9>           |s<12>          |    8.203|
x<9>           |s<13>          |    8.820|
x<9>           |s<14>          |    9.531|
x<9>           |s<15>          |    9.700|
x<9>           |s<16>          |    9.739|
x<9>           |s<17>          |    8.155|
x<9>           |s<18>          |    9.505|
x<9>           |s<19>          |    9.817|
x<9>           |s<20>          |    9.284|
x<9>           |s<21>          |    8.683|
x<9>           |s<22>          |    9.506|
x<9>           |s<23>          |   10.035|
x<9>           |s<24>          |    9.050|
x<9>           |s<25>          |    9.473|
x<9>           |s<26>          |   10.291|
x<9>           |s<27>          |   10.784|
x<9>           |s<28>          |   11.300|
x<9>           |s<29>          |   10.134|
x<9>           |s<30>          |   10.633|
x<9>           |s<31>          |   11.928|
x<10>          |c_out          |   10.642|
x<10>          |s<10>          |    7.124|
x<10>          |s<11>          |    8.995|
x<10>          |s<12>          |    8.754|
x<10>          |s<13>          |    9.125|
x<10>          |s<14>          |    8.763|
x<10>          |s<15>          |   10.005|
x<10>          |s<16>          |   10.039|
x<10>          |s<17>          |    8.460|
x<10>          |s<18>          |    8.737|
x<10>          |s<19>          |   10.122|
x<10>          |s<20>          |    9.810|
x<10>          |s<21>          |    8.988|
x<10>          |s<22>          |    8.738|
x<10>          |s<23>          |   10.340|
x<10>          |s<24>          |    9.727|
x<10>          |s<25>          |    9.778|
x<10>          |s<26>          |    9.523|
x<10>          |s<27>          |   11.089|
x<10>          |s<28>          |   11.826|
x<10>          |s<29>          |   10.439|
x<10>          |s<30>          |    9.865|
x<10>          |s<31>          |   12.233|
x<11>          |c_out          |   10.956|
x<11>          |s<11>          |    7.420|
x<11>          |s<12>          |    9.068|
x<11>          |s<13>          |    8.818|
x<11>          |s<14>          |    9.077|
x<11>          |s<15>          |    8.778|
x<11>          |s<16>          |   10.353|
x<11>          |s<17>          |    8.153|
x<11>          |s<18>          |    9.051|
x<11>          |s<19>          |    8.895|
x<11>          |s<20>          |   10.124|
x<11>          |s<21>          |    8.681|
x<11>          |s<22>          |    9.052|
x<11>          |s<23>          |    9.113|
x<11>          |s<24>          |   10.041|
x<11>          |s<25>          |    9.471|
x<11>          |s<26>          |    9.837|
x<11>          |s<27>          |    9.862|
x<11>          |s<28>          |   12.140|
x<11>          |s<29>          |   10.132|
x<11>          |s<30>          |   10.179|
x<11>          |s<31>          |   11.006|
x<12>          |c_out          |   10.162|
x<12>          |s<12>          |    7.212|
x<12>          |s<13>          |    8.830|
x<12>          |s<14>          |    9.482|
x<12>          |s<15>          |    8.788|
x<12>          |s<16>          |    9.559|
x<12>          |s<17>          |    8.165|
x<12>          |s<18>          |    9.456|
x<12>          |s<19>          |    8.905|
x<12>          |s<20>          |    9.105|
x<12>          |s<21>          |    8.693|
x<12>          |s<22>          |    9.457|
x<12>          |s<23>          |    9.123|
x<12>          |s<24>          |    9.247|
x<12>          |s<25>          |    9.483|
x<12>          |s<26>          |   10.242|
x<12>          |s<27>          |    9.872|
x<12>          |s<28>          |   11.121|
x<12>          |s<29>          |   10.144|
x<12>          |s<30>          |   10.584|
x<12>          |s<31>          |   11.016|
x<13>          |c_out          |   10.103|
x<13>          |s<13>          |    7.002|
x<13>          |s<14>          |    9.423|
x<13>          |s<15>          |    9.399|
x<13>          |s<16>          |    9.500|
x<13>          |s<17>          |    8.649|
x<13>          |s<18>          |    9.397|
x<13>          |s<19>          |    9.516|
x<13>          |s<20>          |    9.034|
x<13>          |s<21>          |    8.906|
x<13>          |s<22>          |    9.398|
x<13>          |s<23>          |    9.734|
x<13>          |s<24>          |    9.188|
x<13>          |s<25>          |    9.371|
x<13>          |s<26>          |   10.183|
x<13>          |s<27>          |   10.483|
x<13>          |s<28>          |   11.050|
x<13>          |s<29>          |   10.357|
x<13>          |s<30>          |   10.525|
x<13>          |s<31>          |   11.627|
x<14>          |c_out          |   10.506|
x<14>          |s<14>          |    6.945|
x<14>          |s<15>          |    9.426|
x<14>          |s<16>          |    9.903|
x<14>          |s<17>          |    8.674|
x<14>          |s<18>          |    9.138|
x<14>          |s<19>          |    9.543|
x<14>          |s<20>          |    8.942|
x<14>          |s<21>          |    8.933|
x<14>          |s<22>          |    9.142|
x<14>          |s<23>          |    9.761|
x<14>          |s<24>          |    9.307|
x<14>          |s<25>          |    9.396|
x<14>          |s<26>          |    9.924|
x<14>          |s<27>          |   10.510|
x<14>          |s<28>          |   10.958|
x<14>          |s<29>          |   10.384|
x<14>          |s<30>          |   10.269|
x<14>          |s<31>          |   11.654|
x<15>          |c_out          |   10.560|
x<15>          |s<15>          |    7.145|
x<15>          |s<16>          |    9.957|
x<15>          |s<17>          |    8.306|
x<15>          |s<18>          |    9.192|
x<15>          |s<19>          |    8.897|
x<15>          |s<20>          |    8.996|
x<15>          |s<21>          |    8.473|
x<15>          |s<22>          |    9.196|
x<15>          |s<23>          |    9.388|
x<15>          |s<24>          |    9.361|
x<15>          |s<25>          |    9.028|
x<15>          |s<26>          |    9.978|
x<15>          |s<27>          |    9.864|
x<15>          |s<28>          |   11.012|
x<15>          |s<29>          |    9.924|
x<15>          |s<30>          |   10.323|
x<15>          |s<31>          |   11.281|
x<16>          |c_out          |   10.527|
x<16>          |s<16>          |    6.796|
x<16>          |s<17>          |    8.244|
x<16>          |s<18>          |    9.102|
x<16>          |s<19>          |    8.986|
x<16>          |s<20>          |    9.874|
x<16>          |s<21>          |    8.410|
x<16>          |s<22>          |    9.110|
x<16>          |s<23>          |    9.477|
x<16>          |s<24>          |    9.571|
x<16>          |s<25>          |    8.966|
x<16>          |s<26>          |    9.888|
x<16>          |s<27>          |    9.953|
x<16>          |s<28>          |   11.890|
x<16>          |s<29>          |    9.861|
x<16>          |s<30>          |   10.237|
x<16>          |s<31>          |   11.370|
x<17>          |c_out          |   10.333|
x<17>          |s<17>          |    7.274|
x<17>          |s<18>          |    8.899|
x<17>          |s<19>          |    8.455|
x<17>          |s<20>          |    9.680|
x<17>          |s<21>          |    9.266|
x<17>          |s<22>          |    8.907|
x<17>          |s<23>          |    8.964|
x<17>          |s<24>          |    9.377|
x<17>          |s<25>          |    8.466|
x<17>          |s<26>          |    9.685|
x<17>          |s<27>          |    9.422|
x<17>          |s<28>          |   11.696|
x<17>          |s<29>          |   10.717|
x<17>          |s<30>          |   10.034|
x<17>          |s<31>          |   10.857|
x<18>          |c_out          |   11.037|
x<18>          |s<18>          |    8.433|
x<18>          |s<19>          |    9.253|
x<18>          |s<20>          |   10.630|
x<18>          |s<21>          |   10.001|
x<18>          |s<22>          |    9.712|
x<18>          |s<23>          |    9.744|
x<18>          |s<24>          |   10.274|
x<18>          |s<25>          |    9.339|
x<18>          |s<26>          |   10.386|
x<18>          |s<27>          |   10.220|
x<18>          |s<28>          |   12.646|
x<18>          |s<29>          |   11.452|
x<18>          |s<30>          |   10.839|
x<18>          |s<31>          |   11.637|
x<19>          |c_out          |   11.046|
x<19>          |s<19>          |    8.185|
x<19>          |s<20>          |   10.639|
x<19>          |s<21>          |    9.811|
x<19>          |s<22>          |    9.721|
x<19>          |s<23>          |    9.982|
x<19>          |s<24>          |   10.283|
x<19>          |s<25>          |    9.573|
x<19>          |s<26>          |   10.395|
x<19>          |s<27>          |    9.752|
x<19>          |s<28>          |   12.655|
x<19>          |s<29>          |   11.262|
x<19>          |s<30>          |   10.848|
x<19>          |s<31>          |   11.875|
x<20>          |c_out          |   10.074|
x<20>          |s<20>          |    7.373|
x<20>          |s<21>          |    9.992|
x<20>          |s<22>          |    8.456|
x<20>          |s<23>          |   10.163|
x<20>          |s<24>          |    9.111|
x<20>          |s<25>          |    9.754|
x<20>          |s<26>          |   10.016|
x<20>          |s<27>          |    9.942|
x<20>          |s<28>          |   10.379|
x<20>          |s<29>          |   11.443|
x<20>          |s<30>          |   10.264|
x<20>          |s<31>          |   12.056|
x<21>          |c_out          |   10.228|
x<21>          |s<21>          |    7.152|
x<21>          |s<22>          |    8.610|
x<21>          |s<23>          |    8.260|
x<21>          |s<24>          |    9.265|
x<21>          |s<25>          |    8.502|
x<21>          |s<26>          |   10.179|
x<21>          |s<27>          |    8.817|
x<21>          |s<28>          |   10.533|
x<21>          |s<29>          |    9.393|
x<21>          |s<30>          |   10.418|
x<21>          |s<31>          |    9.772|
x<22>          |c_out          |   10.873|
x<22>          |s<22>          |    8.206|
x<22>          |s<23>          |    9.187|
x<22>          |s<24>          |    8.995|
x<22>          |s<25>          |    9.427|
x<22>          |s<26>          |   10.437|
x<22>          |s<27>          |    9.744|
x<22>          |s<28>          |   11.065|
x<22>          |s<29>          |   10.318|
x<22>          |s<30>          |    9.278|
x<22>          |s<31>          |   10.697|
x<23>          |c_out          |   10.178|
x<23>          |s<23>          |    7.922|
x<23>          |s<24>          |    8.300|
x<23>          |s<25>          |    8.642|
x<23>          |s<26>          |    9.742|
x<23>          |s<27>          |    9.296|
x<23>          |s<28>          |   10.370|
x<23>          |s<29>          |    9.105|
x<23>          |s<30>          |    8.583|
x<23>          |s<31>          |    9.855|
x<24>          |c_out          |    9.952|
x<24>          |s<24>          |    8.365|
x<24>          |s<25>          |    8.394|
x<24>          |s<26>          |    8.904|
x<24>          |s<27>          |    9.048|
x<24>          |s<28>          |   10.262|
x<24>          |s<29>          |    8.857|
x<24>          |s<30>          |    9.359|
x<24>          |s<31>          |    9.598|
x<25>          |c_out          |    9.717|
x<25>          |s<25>          |    7.326|
x<25>          |s<26>          |    8.669|
x<25>          |s<27>          |    8.716|
x<25>          |s<28>          |   10.027|
x<25>          |s<29>          |    9.220|
x<25>          |s<30>          |    9.124|
x<25>          |s<31>          |    9.766|
x<26>          |c_out          |    8.924|
x<26>          |s<26>          |    7.502|
x<26>          |s<27>          |    8.644|
x<26>          |s<28>          |    9.693|
x<26>          |s<29>          |    9.148|
x<26>          |s<30>          |    8.997|
x<26>          |s<31>          |    9.680|
x<27>          |c_out          |    8.796|
x<27>          |s<27>          |    7.651|
x<27>          |s<28>          |    9.978|
x<27>          |s<29>          |    7.935|
x<27>          |s<30>          |    8.869|
x<27>          |s<31>          |    8.556|
x<28>          |c_out          |    8.652|
x<28>          |s<28>          |    8.212|
x<28>          |s<29>          |    7.592|
x<28>          |s<30>          |    8.725|
x<28>          |s<31>          |    9.003|
x<29>          |c_out          |    8.569|
x<29>          |s<29>          |    7.581|
x<29>          |s<30>          |    8.642|
x<29>          |s<31>          |    7.956|
x<30>          |c_out          |    6.916|
x<30>          |s<30>          |    7.365|
x<30>          |s<31>          |    8.205|
x<31>          |c_out          |    7.155|
x<31>          |s<31>          |    7.783|
y<0>           |c_out          |   10.288|
y<0>           |s<0>           |    6.621|
y<0>           |s<1>           |    6.640|
y<0>           |s<2>           |    7.110|
y<0>           |s<3>           |    8.034|
y<0>           |s<4>           |    7.797|
y<0>           |s<5>           |    9.316|
y<0>           |s<6>           |    7.743|
y<0>           |s<7>           |    9.474|
y<0>           |s<8>           |    9.280|
y<0>           |s<9>           |   10.816|
y<0>           |s<10>          |   10.119|
y<0>           |s<11>          |   10.945|
y<0>           |s<12>          |    9.839|
y<0>           |s<13>          |   11.485|
y<0>           |s<14>          |   11.603|
y<0>           |s<15>          |   11.955|
y<0>           |s<16>          |    9.685|
y<0>           |s<17>          |   10.820|
y<0>           |s<18>          |   11.577|
y<0>           |s<19>          |   12.072|
y<0>           |s<20>          |   11.018|
y<0>           |s<21>          |   11.348|
y<0>           |s<22>          |   11.578|
y<0>           |s<23>          |   12.290|
y<0>           |s<24>          |   10.176|
y<0>           |s<25>          |   12.138|
y<0>           |s<26>          |   12.363|
y<0>           |s<27>          |   13.039|
y<0>           |s<28>          |   13.034|
y<0>           |s<29>          |   12.799|
y<0>           |s<30>          |   12.705|
y<0>           |s<31>          |   14.183|
y<1>           |c_out          |   10.603|
y<1>           |s<1>           |    6.961|
y<1>           |s<2>           |    6.768|
y<1>           |s<3>           |    7.700|
y<1>           |s<4>           |    8.112|
y<1>           |s<5>           |    8.328|
y<1>           |s<6>           |    8.058|
y<1>           |s<7>           |    9.140|
y<1>           |s<8>           |    9.595|
y<1>           |s<9>           |    9.828|
y<1>           |s<10>          |   10.434|
y<1>           |s<11>          |   10.611|
y<1>           |s<12>          |   10.154|
y<1>           |s<13>          |   10.497|
y<1>           |s<14>          |   11.918|
y<1>           |s<15>          |   11.621|
y<1>           |s<16>          |   10.000|
y<1>           |s<17>          |    9.832|
y<1>           |s<18>          |   11.892|
y<1>           |s<19>          |   11.738|
y<1>           |s<20>          |   11.333|
y<1>           |s<21>          |   10.360|
y<1>           |s<22>          |   11.893|
y<1>           |s<23>          |   11.956|
y<1>           |s<24>          |   10.491|
y<1>           |s<25>          |   11.150|
y<1>           |s<26>          |   12.678|
y<1>           |s<27>          |   12.705|
y<1>           |s<28>          |   13.349|
y<1>           |s<29>          |   11.811|
y<1>           |s<30>          |   13.020|
y<1>           |s<31>          |   13.849|
y<2>           |c_out          |    9.917|
y<2>           |s<2>           |    7.154|
y<2>           |s<3>           |    8.094|
y<2>           |s<4>           |    7.426|
y<2>           |s<5>           |    8.488|
y<2>           |s<6>           |    7.364|
y<2>           |s<7>           |    9.534|
y<2>           |s<8>           |    8.909|
y<2>           |s<9>           |    9.988|
y<2>           |s<10>          |    9.740|
y<2>           |s<11>          |   11.005|
y<2>           |s<12>          |    9.468|
y<2>           |s<13>          |   10.657|
y<2>           |s<14>          |   11.224|
y<2>           |s<15>          |   12.015|
y<2>           |s<16>          |    9.314|
y<2>           |s<17>          |    9.992|
y<2>           |s<18>          |   11.198|
y<2>           |s<19>          |   12.132|
y<2>           |s<20>          |   10.647|
y<2>           |s<21>          |   10.520|
y<2>           |s<22>          |   11.199|
y<2>           |s<23>          |   12.350|
y<2>           |s<24>          |    9.805|
y<2>           |s<25>          |   11.310|
y<2>           |s<26>          |   11.984|
y<2>           |s<27>          |   13.099|
y<2>           |s<28>          |   12.663|
y<2>           |s<29>          |   11.971|
y<2>           |s<30>          |   12.326|
y<2>           |s<31>          |   14.243|
y<3>           |c_out          |   10.220|
y<3>           |s<3>           |    7.403|
y<3>           |s<4>           |    7.729|
y<3>           |s<5>           |    8.334|
y<3>           |s<6>           |    7.280|
y<3>           |s<7>           |    8.831|
y<3>           |s<8>           |    9.212|
y<3>           |s<9>           |    9.834|
y<3>           |s<10>          |    9.656|
y<3>           |s<11>          |   10.302|
y<3>           |s<12>          |    9.771|
y<3>           |s<13>          |   10.503|
y<3>           |s<14>          |   11.140|
y<3>           |s<15>          |   11.312|
y<3>           |s<16>          |    9.617|
y<3>           |s<17>          |    9.838|
y<3>           |s<18>          |   11.114|
y<3>           |s<19>          |   11.429|
y<3>           |s<20>          |   10.950|
y<3>           |s<21>          |   10.366|
y<3>           |s<22>          |   11.115|
y<3>           |s<23>          |   11.647|
y<3>           |s<24>          |   10.108|
y<3>           |s<25>          |   11.156|
y<3>           |s<26>          |   11.900|
y<3>           |s<27>          |   12.396|
y<3>           |s<28>          |   12.966|
y<3>           |s<29>          |   11.817|
y<3>           |s<30>          |   12.242|
y<3>           |s<31>          |   13.540|
y<4>           |c_out          |   10.363|
y<4>           |s<4>           |    6.781|
y<4>           |s<5>           |    9.171|
y<4>           |s<6>           |    8.139|
y<4>           |s<7>           |    8.565|
y<4>           |s<8>           |    9.355|
y<4>           |s<9>           |   10.671|
y<4>           |s<10>          |   10.515|
y<4>           |s<11>          |   10.036|
y<4>           |s<12>          |    9.914|
y<4>           |s<13>          |   11.340|
y<4>           |s<14>          |   11.999|
y<4>           |s<15>          |   11.046|
y<4>           |s<16>          |    9.760|
y<4>           |s<17>          |   10.675|
y<4>           |s<18>          |   11.973|
y<4>           |s<19>          |   11.163|
y<4>           |s<20>          |   11.093|
y<4>           |s<21>          |   11.203|
y<4>           |s<22>          |   11.974|
y<4>           |s<23>          |   11.381|
y<4>           |s<24>          |   10.251|
y<4>           |s<25>          |   11.993|
y<4>           |s<26>          |   12.759|
y<4>           |s<27>          |   12.130|
y<4>           |s<28>          |   13.109|
y<4>           |s<29>          |   12.654|
y<4>           |s<30>          |   13.101|
y<4>           |s<31>          |   13.274|
y<5>           |c_out          |   10.080|
y<5>           |s<5>           |    7.474|
y<5>           |s<6>           |    7.856|
y<5>           |s<7>           |    7.905|
y<5>           |s<8>           |    9.072|
y<5>           |s<9>           |    9.606|
y<5>           |s<10>          |   10.232|
y<5>           |s<11>          |    9.376|
y<5>           |s<12>          |    9.631|
y<5>           |s<13>          |   10.275|
y<5>           |s<14>          |   11.716|
y<5>           |s<15>          |   10.386|
y<5>           |s<16>          |    9.477|
y<5>           |s<17>          |    9.610|
y<5>           |s<18>          |   11.690|
y<5>           |s<19>          |   10.503|
y<5>           |s<20>          |   10.810|
y<5>           |s<21>          |   10.138|
y<5>           |s<22>          |   11.691|
y<5>           |s<23>          |   10.721|
y<5>           |s<24>          |    9.968|
y<5>           |s<25>          |   10.928|
y<5>           |s<26>          |   12.476|
y<5>           |s<27>          |   11.470|
y<5>           |s<28>          |   12.826|
y<5>           |s<29>          |   11.589|
y<5>           |s<30>          |   12.818|
y<5>           |s<31>          |   12.614|
y<6>           |c_out          |    9.801|
y<6>           |s<6>           |    6.937|
y<6>           |s<7>           |    7.925|
y<6>           |s<8>           |    8.793|
y<6>           |s<9>           |    9.580|
y<6>           |s<10>          |    9.305|
y<6>           |s<11>          |    9.396|
y<6>           |s<12>          |    9.352|
y<6>           |s<13>          |   10.249|
y<6>           |s<14>          |   10.789|
y<6>           |s<15>          |   10.406|
y<6>           |s<16>          |    9.198|
y<6>           |s<17>          |    9.584|
y<6>           |s<18>          |   10.763|
y<6>           |s<19>          |   10.523|
y<6>           |s<20>          |   10.531|
y<6>           |s<21>          |   10.112|
y<6>           |s<22>          |   10.764|
y<6>           |s<23>          |   10.741|
y<6>           |s<24>          |    9.689|
y<6>           |s<25>          |   10.902|
y<6>           |s<26>          |   11.549|
y<6>           |s<27>          |   11.490|
y<6>           |s<28>          |   12.547|
y<6>           |s<29>          |   11.563|
y<6>           |s<30>          |   11.891|
y<6>           |s<31>          |   12.634|
y<7>           |c_out          |    9.317|
y<7>           |s<7>           |    7.611|
y<7>           |s<8>           |    7.851|
y<7>           |s<9>           |    9.201|
y<7>           |s<10>          |    9.116|
y<7>           |s<11>          |    9.080|
y<7>           |s<12>          |    8.852|
y<7>           |s<13>          |    9.870|
y<7>           |s<14>          |   10.600|
y<7>           |s<15>          |   10.090|
y<7>           |s<16>          |    8.714|
y<7>           |s<17>          |    9.205|
y<7>           |s<18>          |   10.574|
y<7>           |s<19>          |   10.207|
y<7>           |s<20>          |   10.031|
y<7>           |s<21>          |    9.733|
y<7>           |s<22>          |   10.575|
y<7>           |s<23>          |   10.425|
y<7>           |s<24>          |    9.189|
y<7>           |s<25>          |   10.523|
y<7>           |s<26>          |   11.360|
y<7>           |s<27>          |   11.174|
y<7>           |s<28>          |   12.047|
y<7>           |s<29>          |   11.184|
y<7>           |s<30>          |   11.702|
y<7>           |s<31>          |   12.318|
y<8>           |c_out          |   10.973|
y<8>           |s<8>           |    7.797|
y<8>           |s<9>           |    8.549|
y<8>           |s<10>          |    8.664|
y<8>           |s<11>          |    8.538|
y<8>           |s<12>          |    8.834|
y<8>           |s<13>          |    9.218|
y<8>           |s<14>          |   10.148|
y<8>           |s<15>          |    9.548|
y<8>           |s<16>          |   10.370|
y<8>           |s<17>          |    8.553|
y<8>           |s<18>          |   10.122|
y<8>           |s<19>          |    9.665|
y<8>           |s<20>          |    9.915|
y<8>           |s<21>          |    9.081|
y<8>           |s<22>          |   10.123|
y<8>           |s<23>          |    9.883|
y<8>           |s<24>          |    9.681|
y<8>           |s<25>          |    9.871|
y<8>           |s<26>          |   10.908|
y<8>           |s<27>          |   10.632|
y<8>           |s<28>          |   11.931|
y<8>           |s<29>          |   10.532|
y<8>           |s<30>          |   11.250|
y<8>           |s<31>          |   11.776|
y<9>           |c_out          |   10.499|
y<9>           |s<9>           |    7.230|
y<9>           |s<10>          |    8.192|
y<9>           |s<11>          |    8.926|
y<9>           |s<12>          |    8.360|
y<9>           |s<13>          |    9.056|
y<9>           |s<14>          |    9.676|
y<9>           |s<15>          |    9.936|
y<9>           |s<16>          |    9.896|
y<9>           |s<17>          |    8.391|
y<9>           |s<18>          |    9.650|
y<9>           |s<19>          |   10.053|
y<9>           |s<20>          |    9.441|
y<9>           |s<21>          |    8.919|
y<9>           |s<22>          |    9.651|
y<9>           |s<23>          |   10.271|
y<9>           |s<24>          |    9.207|
y<9>           |s<25>          |    9.709|
y<9>           |s<26>          |   10.436|
y<9>           |s<27>          |   11.020|
y<9>           |s<28>          |   11.457|
y<9>           |s<29>          |   10.370|
y<9>           |s<30>          |   10.778|
y<9>           |s<31>          |   12.164|
y<10>          |c_out          |   10.800|
y<10>          |s<10>          |    7.274|
y<10>          |s<11>          |    9.147|
y<10>          |s<12>          |    8.912|
y<10>          |s<13>          |    9.277|
y<10>          |s<14>          |    8.921|
y<10>          |s<15>          |   10.157|
y<10>          |s<16>          |   10.197|
y<10>          |s<17>          |    8.612|
y<10>          |s<18>          |    8.895|
y<10>          |s<19>          |   10.274|
y<10>          |s<20>          |    9.968|
y<10>          |s<21>          |    9.140|
y<10>          |s<22>          |    8.896|
y<10>          |s<23>          |   10.492|
y<10>          |s<24>          |    9.885|
y<10>          |s<25>          |    9.930|
y<10>          |s<26>          |    9.681|
y<10>          |s<27>          |   11.241|
y<10>          |s<28>          |   11.984|
y<10>          |s<29>          |   10.591|
y<10>          |s<30>          |   10.023|
y<10>          |s<31>          |   12.385|
y<11>          |c_out          |   11.014|
y<11>          |s<11>          |    8.003|
y<11>          |s<12>          |    9.126|
y<11>          |s<13>          |    9.142|
y<11>          |s<14>          |    9.135|
y<11>          |s<15>          |    9.114|
y<11>          |s<16>          |   10.411|
y<11>          |s<17>          |    8.477|
y<11>          |s<18>          |    9.109|
y<11>          |s<19>          |    9.231|
y<11>          |s<20>          |   10.182|
y<11>          |s<21>          |    9.005|
y<11>          |s<22>          |    9.110|
y<11>          |s<23>          |    9.449|
y<11>          |s<24>          |   10.099|
y<11>          |s<25>          |    9.795|
y<11>          |s<26>          |    9.895|
y<11>          |s<27>          |   10.198|
y<11>          |s<28>          |   12.198|
y<11>          |s<29>          |   10.456|
y<11>          |s<30>          |   10.237|
y<11>          |s<31>          |   11.342|
y<12>          |c_out          |   10.093|
y<12>          |s<12>          |    7.501|
y<12>          |s<13>          |    9.096|
y<12>          |s<14>          |    9.413|
y<12>          |s<15>          |    9.068|
y<12>          |s<16>          |    9.490|
y<12>          |s<17>          |    8.431|
y<12>          |s<18>          |    9.387|
y<12>          |s<19>          |    9.185|
y<12>          |s<20>          |    9.032|
y<12>          |s<21>          |    8.959|
y<12>          |s<22>          |    9.388|
y<12>          |s<23>          |    9.403|
y<12>          |s<24>          |    9.178|
y<12>          |s<25>          |    9.749|
y<12>          |s<26>          |   10.173|
y<12>          |s<27>          |   10.152|
y<12>          |s<28>          |   11.048|
y<12>          |s<29>          |   10.410|
y<12>          |s<30>          |   10.515|
y<12>          |s<31>          |   11.296|
y<13>          |c_out          |   10.013|
y<13>          |s<13>          |    7.170|
y<13>          |s<14>          |    9.333|
y<13>          |s<15>          |    9.719|
y<13>          |s<16>          |    9.410|
y<13>          |s<17>          |    8.955|
y<13>          |s<18>          |    9.307|
y<13>          |s<19>          |    9.836|
y<13>          |s<20>          |    8.946|
y<13>          |s<21>          |    9.226|
y<13>          |s<22>          |    9.308|
y<13>          |s<23>          |   10.054|
y<13>          |s<24>          |    9.098|
y<13>          |s<25>          |    9.677|
y<13>          |s<26>          |   10.093|
y<13>          |s<27>          |   10.803|
y<13>          |s<28>          |   10.962|
y<13>          |s<29>          |   10.677|
y<13>          |s<30>          |   10.435|
y<13>          |s<31>          |   11.947|
y<14>          |c_out          |   10.965|
y<14>          |s<14>          |    7.256|
y<14>          |s<15>          |    9.597|
y<14>          |s<16>          |   10.362|
y<14>          |s<17>          |    8.845|
y<14>          |s<18>          |    9.597|
y<14>          |s<19>          |    9.714|
y<14>          |s<20>          |    9.401|
y<14>          |s<21>          |    9.104|
y<14>          |s<22>          |    9.601|
y<14>          |s<23>          |    9.932|
y<14>          |s<24>          |    9.766|
y<14>          |s<25>          |    9.567|
y<14>          |s<26>          |   10.383|
y<14>          |s<27>          |   10.681|
y<14>          |s<28>          |   11.417|
y<14>          |s<29>          |   10.555|
y<14>          |s<30>          |   10.728|
y<14>          |s<31>          |   11.825|
y<15>          |c_out          |   10.808|
y<15>          |s<15>          |    7.167|
y<15>          |s<16>          |   10.205|
y<15>          |s<17>          |    8.678|
y<15>          |s<18>          |    9.440|
y<15>          |s<19>          |    9.337|
y<15>          |s<20>          |    9.244|
y<15>          |s<21>          |    8.858|
y<15>          |s<22>          |    9.444|
y<15>          |s<23>          |    9.828|
y<15>          |s<24>          |    9.609|
y<15>          |s<25>          |    9.400|
y<15>          |s<26>          |   10.226|
y<15>          |s<27>          |   10.304|
y<15>          |s<28>          |   11.260|
y<15>          |s<29>          |   10.309|
y<15>          |s<30>          |   10.571|
y<15>          |s<31>          |   11.721|
y<16>          |c_out          |   10.132|
y<16>          |s<16>          |    7.391|
y<16>          |s<17>          |    8.917|
y<16>          |s<18>          |    8.705|
y<16>          |s<19>          |    9.566|
y<16>          |s<20>          |    9.479|
y<16>          |s<21>          |    9.098|
y<16>          |s<22>          |    8.713|
y<16>          |s<23>          |   10.057|
y<16>          |s<24>          |    9.176|
y<16>          |s<25>          |    9.639|
y<16>          |s<26>          |    9.491|
y<16>          |s<27>          |   10.533|
y<16>          |s<28>          |   11.495|
y<16>          |s<29>          |   10.549|
y<16>          |s<30>          |    9.840|
y<16>          |s<31>          |   11.950|
y<17>          |c_out          |   10.121|
y<17>          |s<17>          |    6.656|
y<17>          |s<18>          |    8.688|
y<17>          |s<19>          |    8.244|
y<17>          |s<20>          |    9.468|
y<17>          |s<21>          |    9.141|
y<17>          |s<22>          |    8.696|
y<17>          |s<23>          |    8.839|
y<17>          |s<24>          |    9.165|
y<17>          |s<25>          |    8.426|
y<17>          |s<26>          |    9.474|
y<17>          |s<27>          |    9.211|
y<17>          |s<28>          |   11.484|
y<17>          |s<29>          |   10.592|
y<17>          |s<30>          |    9.823|
y<17>          |s<31>          |   10.732|
y<18>          |c_out          |    9.916|
y<18>          |s<18>          |    7.615|
y<18>          |s<19>          |    7.900|
y<18>          |s<20>          |    9.482|
y<18>          |s<21>          |    9.555|
y<18>          |s<22>          |    8.564|
y<18>          |s<23>          |    9.202|
y<18>          |s<24>          |    9.126|
y<18>          |s<25>          |    8.574|
y<18>          |s<26>          |    9.238|
y<18>          |s<27>          |    8.867|
y<18>          |s<28>          |   11.498|
y<18>          |s<29>          |   11.006|
y<18>          |s<30>          |    9.691|
y<18>          |s<31>          |   11.095|
y<19>          |c_out          |    9.812|
y<19>          |s<19>          |    7.191|
y<19>          |s<20>          |    9.405|
y<19>          |s<21>          |    9.072|
y<19>          |s<22>          |    8.487|
y<19>          |s<23>          |    9.243|
y<19>          |s<24>          |    9.049|
y<19>          |s<25>          |    8.834|
y<19>          |s<26>          |    9.161|
y<19>          |s<27>          |    9.007|
y<19>          |s<28>          |   11.421|
y<19>          |s<29>          |   10.523|
y<19>          |s<30>          |    9.614|
y<19>          |s<31>          |   11.136|
y<20>          |c_out          |    9.952|
y<20>          |s<20>          |    6.987|
y<20>          |s<21>          |    8.876|
y<20>          |s<22>          |    8.334|
y<20>          |s<23>          |    9.047|
y<20>          |s<24>          |    8.989|
y<20>          |s<25>          |    8.638|
y<20>          |s<26>          |    9.896|
y<20>          |s<27>          |    8.810|
y<20>          |s<28>          |   10.257|
y<20>          |s<29>          |   10.327|
y<20>          |s<30>          |   10.142|
y<20>          |s<31>          |   10.940|
y<21>          |c_out          |    9.714|
y<21>          |s<21>          |    6.979|
y<21>          |s<22>          |    8.096|
y<21>          |s<23>          |    7.855|
y<21>          |s<24>          |    8.751|
y<21>          |s<25>          |    8.103|
y<21>          |s<26>          |    9.649|
y<21>          |s<27>          |    8.412|
y<21>          |s<28>          |   10.019|
y<21>          |s<29>          |    8.994|
y<21>          |s<30>          |    9.904|
y<21>          |s<31>          |    9.373|
y<22>          |c_out          |   10.450|
y<22>          |s<22>          |    7.637|
y<22>          |s<23>          |    8.244|
y<22>          |s<24>          |    8.572|
y<22>          |s<25>          |    8.493|
y<22>          |s<26>          |   10.014|
y<22>          |s<27>          |    8.801|
y<22>          |s<28>          |   10.642|
y<22>          |s<29>          |    9.384|
y<22>          |s<30>          |    8.855|
y<22>          |s<31>          |    9.763|
y<23>          |c_out          |    9.841|
y<23>          |s<23>          |    7.016|
y<23>          |s<24>          |    7.963|
y<23>          |s<25>          |    7.953|
y<23>          |s<26>          |    9.405|
y<23>          |s<27>          |    8.607|
y<23>          |s<28>          |   10.033|
y<23>          |s<29>          |    8.416|
y<23>          |s<30>          |    8.246|
y<23>          |s<31>          |    9.151|
y<24>          |c_out          |    9.189|
y<24>          |s<24>          |    6.899|
y<24>          |s<25>          |    8.245|
y<24>          |s<26>          |    8.141|
y<24>          |s<27>          |    8.899|
y<24>          |s<28>          |    9.499|
y<24>          |s<29>          |    8.708|
y<24>          |s<30>          |    8.596|
y<24>          |s<31>          |    9.451|
y<25>          |c_out          |    9.368|
y<25>          |s<25>          |    7.028|
y<25>          |s<26>          |    8.320|
y<25>          |s<27>          |    8.276|
y<25>          |s<28>          |    9.678|
y<25>          |s<29>          |    8.780|
y<25>          |s<30>          |    8.775|
y<25>          |s<31>          |    9.322|
y<26>          |c_out          |    8.617|
y<26>          |s<26>          |    7.505|
y<26>          |s<27>          |    7.929|
y<26>          |s<28>          |    9.639|
y<26>          |s<29>          |    8.433|
y<26>          |s<30>          |    8.690|
y<26>          |s<31>          |    8.971|
y<27>          |c_out          |    9.153|
y<27>          |s<27>          |    7.661|
y<27>          |s<28>          |    9.772|
y<27>          |s<29>          |    7.794|
y<27>          |s<30>          |    9.226|
y<27>          |s<31>          |    8.975|
y<28>          |c_out          |    8.437|
y<28>          |s<28>          |    7.532|
y<28>          |s<29>          |    7.427|
y<28>          |s<30>          |    8.510|
y<28>          |s<31>          |    8.043|
y<29>          |c_out          |    8.539|
y<29>          |s<29>          |    7.123|
y<29>          |s<30>          |    8.612|
y<29>          |s<31>          |    7.534|
y<30>          |c_out          |    7.149|
y<30>          |s<30>          |    7.145|
y<30>          |s<31>          |    7.999|
y<31>          |c_out          |    6.945|
y<31>          |s<31>          |    7.564|
---------------+---------------+---------+


Analysis completed Wed Apr 26 11:03:10 2017 
--------------------------------------------------------------------------------

Trace Settings:
-------------------------
Trace Settings 

Peak Memory Usage: 675 MB



